--------------------------------------------------------------------------------
Release 14.7 Trace  (nt64)
Copyright (c) 1995-2013 Xilinx, Inc.  All rights reserved.

C:\Xilinx\14.7\ISE_DS\ISE\bin\nt64\unwrapped\trce.exe -intstyle ise -v 3 -s 4
-n 3 -fastpaths -xml system.twx system.ncd -o system.twr system.pcf -ucf
system.ucf

Design file:              system.ncd
Physical constraint file: system.pcf
Device,package,speed:     xc3s200,ft256,-4 (PRODUCTION 1.39 2013-10-13)
Report level:             verbose report

Environment Variable      Effect 
--------------------      ------ 
NONE                      No environment variables were set
--------------------------------------------------------------------------------

INFO:Timing:2698 - No timing constraints found, doing default enumeration.
INFO:Timing:3412 - To improve timing, see the Timing Closure User Guide (UG612).
INFO:Timing:2752 - To get complete path coverage, use the unconstrained paths 
   option. All paths that are not constrained will be reported in the 
   unconstrained paths section(s) of the report.
INFO:Timing:3339 - The clock-to-out numbers in this timing report are based on 
   a 50 Ohm transmission line loading model.  For the details of this model, 
   and for more information on accounting for different loading conditions, 
   please see the device datasheet.
INFO:Timing:3390 - This architecture does not support a default System Jitter 
   value, please add SYSTEM_JITTER constraint to the UCF to modify the Clock 
   Uncertainty calculation.
INFO:Timing:3389 - This architecture does not support 'Discrete Jitter' and 
   'Phase Error' calculations, these terms will be zero in the Clock 
   Uncertainty calculation.  Please make appropriate modification to 
   SYSTEM_JITTER to account for the unsupported Discrete Jitter and Phase 
   Error.



Data Sheet report:
-----------------
All values displayed in nanoseconds (ns)

Pad to Pad
---------------+---------------+---------+
Source Pad     |Destination Pad|  Delay  |
---------------+---------------+---------+
char<0>        |Led<0>         |    8.547|
char<0>        |Led<1>         |    8.409|
char<0>        |Led<2>         |    8.263|
char<0>        |Led<3>         |    8.091|
char<0>        |Led<5>         |    8.086|
char<0>        |Led<6>         |    8.334|
char<1>        |Led<0>         |    8.543|
char<1>        |Led<1>         |    8.496|
char<1>        |Led<2>         |    7.907|
char<1>        |Led<3>         |    8.199|
char<1>        |Led<4>         |    7.907|
char<1>        |Led<5>         |    7.851|
char<1>        |Led<6>         |    8.518|
char<2>        |Led<0>         |    8.380|
char<2>        |Led<1>         |    8.257|
char<2>        |Led<2>         |    7.713|
char<2>        |Led<3>         |    7.668|
char<2>        |Led<4>         |    8.208|
char<2>        |Led<5>         |    7.735|
char<2>        |Led<6>         |    7.981|
char<3>        |Led<0>         |    8.322|
char<3>        |Led<1>         |    8.269|
char<3>        |Led<2>         |    7.949|
char<3>        |Led<3>         |    8.217|
char<3>        |Led<4>         |    8.023|
char<3>        |Led<5>         |    7.851|
char<3>        |Led<6>         |    8.445|
---------------+---------------+---------+


Analysis completed Wed Oct 12 15:39:13 2016 
--------------------------------------------------------------------------------

Trace Settings:
-------------------------
Trace Settings 

Peak Memory Usage: 158 MB



