MO FourDigitLEDdriver NULL system.v vlg6A/_four_digit_l_e_ddriver.bin 1477493621
MO ledDataFeeder NULL ledDataFeeder.v vlg16/led_data_feeder.bin 1477493620
MO LEDdecoder NULL LEDdecoder.v vlg17/_l_e_ddecoder.bin 1477493620
MO anti_bounce_reset NULL ant-bounce_reset.v vlg49/anti__bounce__reset.bin 1477493621
MO anti_bounce NULL anti-bounce.v vlg7B/anti__bounce.bin 1477493620
